2025-07-22 11:41:16.778976 - User: austi - Path: /admin/
2025-07-22 11:41:16.980522 - User: austi - Path: /favicon.ico
2025-07-22 11:41:17.870296 - User: austi - Path: /admin/
2025-07-22 11:41:17.946114 - User: austi - Path: /favicon.ico
2025-07-22 11:41:18.053549 - User: austi - Path: /admin/
2025-07-22 11:41:18.138494 - User: austi - Path: /favicon.ico
2025-07-22 11:41:18.257843 - User: austi - Path: /admin/
2025-07-22 11:41:18.341427 - User: austi - Path: /favicon.ico
2025-07-22 11:41:18.445770 - User: austi - Path: /admin/
2025-07-22 11:41:18.518967 - User: austi - Path: /favicon.ico
2025-07-22 11:41:53.456446 - User: austi - Path: /admin/
2025-07-22 11:41:55.516231 - User: austi - Path: /favicon.ico
2025-07-22 11:42:02.178095 - User: austi - Path: /admin/chats/user/
2025-07-22 11:42:03.195550 - User: austi - Path: /admin/jsi18n/
2025-07-22 11:42:09.779917 - User: austi - Path: /admin/
2025-07-22 11:42:20.019449 - User: austi - Path: /admin/chats/user/ca663a62-9d29-40f4-bdaa-c5a5361d0946/change/
2025-07-22 11:42:20.527320 - User: austi - Path: /admin/jsi18n/
2025-07-22 11:58:34.764583 - User: austi - Path: /admin/chats/user/ca663a62-9d29-40f4-bdaa-c5a5361d0946/change/
2025-07-22 11:58:38.531832 - User: austi - Path: /admin/
2025-07-22 11:58:48.465351 - User: austi - Path: /admin/
2025-07-22 11:58:54.456579 - User: austi - Path: /admin/
2025-07-22 11:58:58.959741 - User: austi - Path: /admin/
2025-07-22 19:50:04.549995 - User: austi - Path: /admin/chats/user/ca663a62-9d29-40f4-bdaa-c5a5361d0946/change/
2025-07-22 19:50:06.158278 - User: austi - Path: /admin/chats/user/ca663a62-9d29-40f4-bdaa-c5a5361d0946/change/
2025-07-22 23:20:39.315467 - User: austi - Path: /api/conversations/
2025-07-22 23:20:41.643102 - User: austi - Path: /api/conversations/
2025-07-22 23:20:42.146418 - User: austi - Path: /api/conversations/
2025-07-22 23:20:42.339159 - User: austi - Path: /api/conversations/
2025-07-22 23:20:42.563010 - User: austi - Path: /api/conversations/
2025-07-22 23:20:42.815637 - User: austi - Path: /api/conversations/
2025-07-22 23:20:42.994130 - User: austi - Path: /api/conversations/
2025-07-22 23:20:43.369740 - User: austi - Path: /api/conversations/
2025-07-22 23:20:44.481768 - User: austi - Path: /api/conversations/
2025-07-22 23:20:52.479944 - User: austi - Path: /admin/
2025-07-22 23:21:05.501995 - User: austi - Path: /api/messages/
2025-07-22 23:23:37.893256 - User: austi - Path: /api/messages/
2025-07-22 23:23:39.446528 - User: austi - Path: /api/messages/
2025-07-22 23:23:43.828690 - User: austi - Path: /api/messages/
2025-07-22 23:24:50.777896 - User: austi - Path: /api/messages/
2025-07-22 23:24:53.488497 - User: austi - Path: /api/messages/
2025-07-22 23:24:54.458425 - User: austi - Path: /api/messages/
2025-07-22 23:24:58.840881 - User: austi - Path: /admin/
2025-07-22 23:25:19.648546 - User: austi - Path: /admin/
2025-07-22 23:27:24.459018 - User: austi - Path: /admin/
2025-07-22 23:28:48.954752 - User: austi - Path: /admin/
2025-07-22 23:29:48.847850 - User: austi - Path: /admin/
2025-07-22 23:30:50.709624 - User: austi - Path: /admin/
2025-07-22 23:31:54.023230 - User: austi - Path: /admin/
2025-07-22 23:32:55.858145 - User: austi - Path: /admin/
2025-07-22 23:34:10.586376 - User: austi - Path: /admin/
2025-07-22 23:35:14.535001 - User: austi - Path: /admin/
2025-07-22 23:35:28.791601 - User: austi - Path: /admin/
2025-07-22 23:35:33.358809 - User: austi - Path: /admin/chats/
2025-07-22 23:35:34.857446 - User: austi - Path: /admin/chats/
2025-07-22 23:35:37.007576 - User: austi - Path: /admin/
2025-07-22 23:35:38.345390 - User: austi - Path: /admin/auth/group/
2025-07-22 23:35:38.682072 - User: austi - Path: /admin/jsi18n/
2025-07-22 23:36:05.035251 - User: austi - Path: /admin/chats/user/
2025-07-22 23:36:05.310303 - User: austi - Path: /admin/jsi18n/
2025-07-22 23:44:39.561315 - User: austi - Path: /admin/chats/user/ec1574b9-579d-4c10-8a94-9823be377fcf/change/
2025-07-22 23:44:40.074875 - User: austi - Path: /admin/jsi18n/
2025-07-23 01:21:18.817558 - User: Anonymous - Path: /admin/
2025-07-23 01:21:18.951493 - User: Anonymous - Path: /admin/login/
2025-07-23 01:21:25.686863 - User: Anonymous - Path: /admin/chats/user/ec1574b9-579d-4c10-8a94-9823be377fcf/change/
2025-07-23 01:21:25.693902 - User: Anonymous - Path: /admin/login/
2025-07-23 01:21:29.286485 - User: Anonymous - Path: /admin/login/
2025-07-23 22:25:58.302792 - User: Anonymous - Path: /admin/login/
2025-07-23 22:26:00.807695 - User: Anonymous - Path: /favicon.ico
2025-07-23 22:28:53.557946 - User: Anonymous - Path: /admin/login/
2025-07-23 22:28:55.474515 - User: austi - Path: /admin/
2025-07-23 22:28:58.610589 - User: austi - Path: /admin/messaging/user/
2025-07-23 22:28:59.076329 - User: austi - Path: /admin/jsi18n/
2025-07-23 22:29:20.560856 - User: austi - Path: /admin/login/
2025-07-23 22:29:38.268304 - User: austi - Path: /admin/login/
2025-07-23 22:29:38.288292 - User: austi - Path: /admin/
2025-07-23 22:29:39.934546 - User: austi - Path: /admin/
2025-07-23 22:29:45.303273 - User: austi - Path: /admin/messaging/user/add/
2025-07-23 22:29:45.644706 - User: austi - Path: /admin/jsi18n/
2025-07-23 22:29:59.282831 - User: austi - Path: /admin/messaging/user/add/
2025-07-23 22:30:00.936076 - User: austi - Path: /admin/messaging/user/f13f05b2-e188-4394-abc8-809b8618814d/change/
2025-07-23 22:30:01.204705 - User: austi - Path: /admin/jsi18n/
2025-07-23 22:30:13.120174 - User: austi - Path: /admin/messaging/user/f13f05b2-e188-4394-abc8-809b8618814d/change/
2025-07-23 22:30:13.367598 - User: austi - Path: /admin/messaging/user/
2025-07-23 22:30:13.454543 - User: austi - Path: /admin/jsi18n/
2025-07-23 22:30:32.840934 - User: austi - Path: /api/
2025-07-23 22:30:35.759347 - User: austi - Path: /api/messages/
2025-07-23 22:34:24.885641 - User: Anonymous - Path: /admin/messaging/user/
2025-07-23 22:34:24.912624 - User: Anonymous - Path: /admin/login/
2025-07-23 22:34:27.864063 - User: Anonymous - Path: /admin/login/
2025-07-23 22:34:29.499905 - User: austi - Path: /admin/messaging/user/
2025-07-23 22:34:29.614835 - User: austi - Path: /admin/jsi18n/
2025-07-23 22:34:32.372022 - User: austi - Path: /admin/messaging/user/add/
2025-07-23 22:34:32.472956 - User: austi - Path: /admin/jsi18n/
2025-07-23 22:34:53.785343 - User: austi - Path: /admin/messaging/user/add/
2025-07-23 22:34:55.442371 - User: austi - Path: /admin/messaging/user/d0dffd47-3f6d-4794-9b7e-9ebe290dfd51/change/
2025-07-23 22:34:55.556303 - User: austi - Path: /admin/jsi18n/
2025-07-23 22:35:12.531464 - User: austi - Path: /admin/messaging/user/d0dffd47-3f6d-4794-9b7e-9ebe290dfd51/change/
2025-07-23 22:35:12.766410 - User: austi - Path: /admin/messaging/user/
2025-07-23 22:35:12.850354 - User: austi - Path: /admin/jsi18n/
2025-07-23 22:35:30.462525 - User: austi - Path: /admin/messaging/user/
2025-07-23 22:35:30.567286 - User: austi - Path: /admin/jsi18n/
2025-07-23 22:35:35.646428 - User: austi - Path: /admin/messaging/user/
2025-07-23 22:35:35.722378 - User: austi - Path: /admin/jsi18n/
2025-07-23 22:35:36.693008 - User: austi - Path: /admin/messaging/user/
2025-07-23 22:35:36.771956 - User: austi - Path: /admin/jsi18n/
2025-07-23 22:35:37.777770 - User: austi - Path: /admin/messaging/user/
2025-07-23 22:35:37.854716 - User: austi - Path: /admin/jsi18n/
2025-07-23 22:35:38.666463 - User: austi - Path: /admin/messaging/user/
2025-07-23 22:35:38.751411 - User: austi - Path: /admin/jsi18n/
2025-07-23 22:36:04.382379 - User: austi - Path: /api/messages/
2025-07-23 22:37:43.870366 - User: austi - Path: /api/messages/
2025-07-23 22:38:15.661339 - User: austi - Path: /api/messages/
2025-07-23 22:38:25.747018 - User: austi - Path: /api/messages/
2025-07-23 22:38:43.521857 - User: austi - Path: /api/messages/
2025-07-23 22:39:09.899998 - User: austi - Path: /api/conversations/
2025-07-23 22:39:15.716477 - User: austi - Path: /api/conversations/
2025-07-23 22:39:24.049375 - User: austi - Path: /api/conversations/
2025-07-23 22:39:36.092959 - User: austi - Path: /api/conversations/
2025-07-23 22:40:59.558858 - User: austi - Path: /api/conversations/3fa87ac3-fb23-4e53-a959-0f3c0419dc9b
2025-07-23 22:40:59.592610 - User: austi - Path: /api/conversations/3fa87ac3-fb23-4e53-a959-0f3c0419dc9b/
2025-07-23 22:41:25.450605 - User: austi - Path: /api/messages/
2025-07-23 22:42:47.824063 - User: austi - Path: /api/messages/
2025-07-23 22:43:15.239504 - User: austi - Path: /api/messages/
2025-07-23 22:47:25.311840 - User: austi - Path: /api/messages/
2025-07-23 22:48:58.330333 - User: austi - Path: /api/messages/
2025-07-23 22:49:43.476249 - User: austi - Path: /api/messages/
2025-07-23 22:55:35.805428 - User: austi - Path: /api/messages/
2025-07-23 22:56:01.252181 - User: austi - Path: /api/messages/
2025-07-23 22:56:34.554147 - User: austi - Path: /api/messages/
2025-07-23 22:57:36.800640 - User: austi - Path: /api/conversations/
2025-07-23 22:59:28.721060 - User: austi - Path: /api/messages/
2025-07-23 22:59:37.726286 - User: austi - Path: /api/messages/
2025-07-23 22:59:46.264949 - User: austi - Path: /api/messages/
2025-07-23 22:59:49.950864 - User: austi - Path: /api/messages/
2025-07-23 22:59:52.034914 - User: austi - Path: /api/messages/
2025-07-23 22:59:53.359777 - User: austi - Path: /api/messages/
2025-07-23 22:59:54.113898 - User: austi - Path: /api/messages/
2025-07-23 23:00:09.156266 - User: austi - Path: /api/conversations/
2025-07-23 23:00:10.408752 - User: austi - Path: /api/conversations/
2025-07-23 23:00:12.622736 - User: austi - Path: /api/conversations/
2025-07-23 23:00:13.939575 - User: austi - Path: /api/conversations/
2025-07-23 23:00:14.866731 - User: austi - Path: /api/conversations/
2025-07-23 23:00:39.896485 - User: austi - Path: /api/conversations/
2025-07-23 23:00:41.435477 - User: austi - Path: /api/conversations/
2025-07-23 23:00:41.659339 - User: austi - Path: /api/conversations/
2025-07-23 23:00:42.666463 - User: austi - Path: /api/conversations/
2025-07-23 23:00:42.904919 - User: austi - Path: /api/conversations/
2025-07-23 23:01:05.373007 - User: austi - Path: /api/conversations/
2025-07-23 23:01:24.294103 - User: austi - Path: /api/conversations/
2025-07-23 23:01:50.255114 - User: austi - Path: /api/conversations/3fa87ac3-fb23-4e53-a959-0f3c0419dc9b/
2025-07-23 23:01:54.269856 - User: austi - Path: /api/conversations/3fa87ac3-fb23-4e53-a959-0f3c0419dc9b/
2025-07-23 23:01:57.221819 - User: austi - Path: /api/conversations/3fa87ac3-fb23-4e53-a959-0f3c0419dc9b/
2025-07-23 23:02:08.993590 - User: austi - Path: /api/messages/
2025-07-23 23:02:10.192004 - User: austi - Path: /api/messages/
2025-07-23 23:10:36.916007 - User: austi - Path: /api/conversations/3fa87ac3-fb23-4e53-a959-0f3c0419dc9b/
2025-07-23 23:10:42.576300 - User: austi - Path: /api/messages/
2025-07-23 23:11:56.044553 - User: austi - Path: /api/messages/
2025-07-23 23:12:02.742210 - User: austi - Path: /api/conversations/3fa87ac3-fb23-4e53-a959-0f3c0419dc9b/
2025-07-23 23:12:03.747567 - User: austi - Path: /api/conversations/3fa87ac3-fb23-4e53-a959-0f3c0419dc9b/
2025-07-23 23:12:05.289381 - User: austi - Path: /api/conversations/3fa87ac3-fb23-4e53-a959-0f3c0419dc9b/
2025-07-23 23:12:07.997555 - User: austi - Path: /api/conversations/3fa87ac3-fb23-4e53-a959-0f3c0419dc9b/
2025-07-23 23:12:11.657306 - User: austi - Path: /api/conversations/3fa87ac3-fb23-4e53-a959-0f3c0419dc9b/
2025-07-23 23:12:12.382464 - User: austi - Path: /api/conversations/3fa87ac3-fb23-4e53-a959-0f3c0419dc9b/
2025-07-23 23:12:12.598147 - User: austi - Path: /api/conversations/3fa87ac3-fb23-4e53-a959-0f3c0419dc9b/
2025-07-23 23:12:21.022518 - User: austi - Path: /api/conversations/
2025-07-23 23:12:23.933417 - User: austi - Path: /api/conversations/
2025-07-23 23:12:25.522400 - User: austi - Path: /api/conversations/
2025-07-23 23:12:35.450306 - User: austi - Path: /api/conversations/
2025-07-23 23:12:38.764763 - User: austi - Path: /api/conversations/
2025-07-23 23:12:54.017561 - User: austi - Path: /api/conversations/
2025-07-23 23:12:56.596728 - User: austi - Path: /api/conversations/
2025-07-23 23:13:14.347976 - User: austi - Path: /api/conversations/
2025-07-23 23:13:29.460852 - User: austi - Path: /api/conversations/
2025-07-23 23:13:32.842821 - User: austi - Path: /api/conversations/
2025-07-23 23:13:47.674654 - User: austi - Path: /api/messages/
2025-07-23 23:13:49.977670 - User: austi - Path: /api/messages/
2025-07-23 23:13:50.993662 - User: austi - Path: /api/messages/
2025-07-23 23:13:55.506622 - User: austi - Path: /api/messages/
2025-07-23 23:14:09.755498 - User: austi - Path: /api/conversations/
2025-07-23 23:14:30.374938 - User: austi - Path: /admin/
2025-07-23 23:14:34.187556 - User: austi - Path: /admin/messaging/user/add/
2025-07-23 23:14:34.452389 - User: austi - Path: /admin/jsi18n/
2025-07-23 23:15:10.694648 - User: austi - Path: /admin/messaging/user/add/
2025-07-23 23:15:12.407993 - User: austi - Path: /admin/messaging/user/7ff67363-cedd-479a-8d5c-a1dc677b8f97/change/
2025-07-23 23:15:12.569241 - User: austi - Path: /admin/jsi18n/
2025-07-23 23:15:34.961761 - User: austi - Path: /admin/messaging/user/7ff67363-cedd-479a-8d5c-a1dc677b8f97/change/
2025-07-23 23:15:35.158759 - User: austi - Path: /admin/messaging/user/
2025-07-23 23:15:35.284137 - User: austi - Path: /admin/jsi18n/
2025-07-23 23:15:46.444739 - User: austi - Path: /api/messages/
2025-07-23 23:15:51.982196 - User: austi - Path: /admin/messaging/user/7ff67363-cedd-479a-8d5c-a1dc677b8f97/change/
2025-07-23 23:15:52.957612 - User: austi - Path: /admin/messaging/user/add/
2025-07-23 23:15:53.669602 - User: austi - Path: /admin/
2025-07-23 23:15:56.352953 - User: austi - Path: /api/conversations/
2025-07-23 23:15:59.436873 - User: austi - Path: /api/conversations/
2025-07-23 23:16:12.422626 - User: austi - Path: /api/conversations/
2025-07-23 23:21:53.146298 - User: austi - Path: /api/conversations/fafeae7714ea44bd9787d6e878b6a977
2025-07-23 23:21:53.174568 - User: austi - Path: /api/conversations/fafeae7714ea44bd9787d6e878b6a977/
2025-07-23 23:27:06.452328 - User: austi - Path: /api/conversations/ffafeae7714ea44bd9787d6e878b6a977
2025-07-23 23:27:06.497766 - User: austi - Path: /api/conversations/ffafeae7714ea44bd9787d6e878b6a977/
2025-07-24 00:40:11.591520 - User: austi - Path: /api/conversations/2b26577aa59346b2938535d3521bfd8f
2025-07-24 00:40:11.611188 - User: austi - Path: /api/conversations/2b26577aa59346b2938535d3521bfd8f/
2025-07-24 00:40:24.846182 - User: austi - Path: /api/conversations/2b26577aa59346b2938535d3521bfd8f/
2025-07-24 00:40:25.851815 - User: austi - Path: /api/conversations/2b26577aa59346b2938535d3521bfd8f/
2025-07-24 00:40:30.656335 - User: austi - Path: /api/conversations/
2025-07-24 00:41:10.978598 - User: austi - Path: /api/conversations/fe9dd336dd934ef990430e4c54757227
2025-07-24 00:41:10.996586 - User: austi - Path: /api/conversations/fe9dd336dd934ef990430e4c54757227/
2025-07-24 00:41:45.469375 - User: austi - Path: /api/conversations/74405363130a442ca555efec1b6e383a
2025-07-24 00:41:45.490360 - User: austi - Path: /api/conversations/74405363130a442ca555efec1b6e383a/
2025-07-24 00:41:52.544407 - User: austi - Path: /api/conversations/74405363130a442ca555efec1b6e383a/
2025-07-24 00:42:34.638931 - User: austi - Path: /api/conversations/fe9dd336dd934ef990430e4c54757227/
2025-07-24 00:42:41.310152 - User: austi - Path: /api/conversations/fe9dd336dd934ef990430e4c54757227/
2025-07-24 00:42:42.347593 - User: austi - Path: /api/conversations/fe9dd336dd934ef990430e4c54757227/
2025-07-24 00:43:01.480475 - User: austi - Path: /api/conversations/fe9dd336dd934ef990430e4c54757227/
2025-07-24 00:43:02.293505 - User: austi - Path: /api/conversations/fe9dd336dd934ef990430e4c54757227/
2025-07-24 00:43:04.161460 - User: austi - Path: /api/conversations/fe9dd336dd934ef990430e4c54757227/
2025-07-24 00:43:13.075370 - User: austi - Path: /api/conversations/fe9dd336dd934ef990430e4c54757227/
2025-07-24 00:43:18.651335 - User: austi - Path: /api/conversations/fe9dd336dd934ef990430e4c54757227/
2025-07-24 00:44:02.119213 - User: austi - Path: /api/messages/
2025-07-24 00:44:21.630895 - User: austi - Path: /api/messages/
2025-07-24 00:44:46.815870 - User: austi - Path: /api/messages/
2025-07-24 00:44:53.155509 - User: austi - Path: /api/conversations/fe9dd336dd934ef990430e4c54757227/
2025-07-24 00:44:58.782693 - User: austi - Path: /api/conversations/
2025-07-24 00:46:01.600188 - User: austi - Path: /api/conversations/
2025-07-24 00:46:07.985258 - User: austi - Path: /api/conversations/
2025-07-24 00:46:11.763814 - User: austi - Path: /api/conversations/
2025-07-24 00:51:14.464260 - User: Anonymous - Path: /api/conversations/
2025-07-24 00:51:26.795761 - User: Anonymous - Path: /api/conversations/
2025-07-24 00:53:14.494184 - User: Anonymous - Path: /api/messages/
2025-07-24 00:53:17.138969 - User: Anonymous - Path: /api-auth/login/
2025-07-24 00:53:20.251094 - User: Anonymous - Path: /api-auth/login/
2025-07-24 00:53:22.019436 - User: austi - Path: /api/messages/
2025-07-24 00:53:36.507998 - User: austi - Path: /api/conversations/
2025-07-24 00:53:54.802700 - User: austi - Path: /admin/
2025-07-24 00:53:57.424686 - User: austi - Path: /admin/messaging/user/
2025-07-24 00:53:57.527624 - User: austi - Path: /admin/jsi18n/
2025-07-24 00:54:01.212135 - User: austi - Path: /admin/messaging/user/add/
2025-07-24 00:54:01.316070 - User: austi - Path: /admin/jsi18n/
2025-07-24 00:54:27.642094 - User: austi - Path: /admin/messaging/user/add/
2025-07-24 00:54:29.259166 - User: austi - Path: /admin/messaging/user/d783750d-5f82-4483-b525-d6b675e1da31/change/
2025-07-24 00:54:29.376093 - User: austi - Path: /admin/jsi18n/
2025-07-24 00:54:43.549144 - User: austi - Path: /admin/messaging/user/d783750d-5f82-4483-b525-d6b675e1da31/change/
2025-07-24 00:54:43.795036 - User: austi - Path: /admin/messaging/user/
2025-07-24 00:54:43.869982 - User: austi - Path: /admin/jsi18n/
2025-07-24 00:54:46.020921 - User: austi - Path: /admin/messaging/user/add/
2025-07-24 00:54:46.091872 - User: austi - Path: /admin/jsi18n/
2025-07-24 00:54:56.413295 - User: austi - Path: /admin/messaging/user/add/
2025-07-24 00:54:57.942040 - User: austi - Path: /admin/messaging/user/1668250b-3455-4465-b94f-0abb442358ce/change/
2025-07-24 00:54:58.053947 - User: austi - Path: /admin/jsi18n/
2025-07-24 00:55:19.695095 - User: austi - Path: /admin/messaging/user/1668250b-3455-4465-b94f-0abb442358ce/change/
2025-07-24 00:55:19.965351 - User: austi - Path: /admin/messaging/user/
2025-07-24 00:55:20.053294 - User: austi - Path: /admin/jsi18n/
2025-07-24 00:55:22.720564 - User: austi - Path: /admin/messaging/user/add/
2025-07-24 00:55:22.791519 - User: austi - Path: /admin/jsi18n/
2025-07-24 00:55:31.802525 - User: austi - Path: /admin/messaging/user/
2025-07-24 00:55:31.877478 - User: austi - Path: /admin/jsi18n/
2025-07-24 00:55:37.245945 - User: austi - Path: /admin/messaging/user/add/
2025-07-24 00:55:37.304909 - User: austi - Path: /admin/jsi18n/
2025-07-24 00:55:55.137796 - User: austi - Path: /admin/messaging/user/add/
2025-07-24 00:55:56.718422 - User: austi - Path: /admin/messaging/user/d83dfc25-3b11-4db3-acfd-8fe439e399ee/change/
2025-07-24 00:55:56.864332 - User: austi - Path: /admin/jsi18n/
2025-07-24 00:56:11.599646 - User: austi - Path: /admin/messaging/user/d83dfc25-3b11-4db3-acfd-8fe439e399ee/change/
2025-07-24 00:56:39.925029 - User: austi - Path: /admin/messaging/
2025-07-24 00:56:47.094178 - User: austi - Path: /admin/messaging/user/
2025-07-24 00:56:47.173131 - User: austi - Path: /admin/jsi18n/
2025-07-24 00:56:58.665847 - User: austi - Path: /admin/c/user/
2025-07-24 00:57:35.913368 - User: austi - Path: /admin/convesation/user/
2025-07-24 00:57:41.947887 - User: austi - Path: /admin/convesations/user/
2025-07-24 00:58:05.262797 - User: austi - Path: /admin/conversations/user/
2025-07-24 00:58:13.273888 - User: austi - Path: /admin/messaging/user/
2025-07-24 00:58:14.581173 - User: austi - Path: /admin/messaging/
2025-07-24 00:58:18.519065 - User: austi - Path: /admin/messaging/user/d83dfc25-3b11-4db3-acfd-8fe439e399ee/change/
2025-07-24 00:58:28.384447 - User: austi - Path: /admin/messaging/user/add/
2025-07-24 00:58:41.379266 - User: austi - Path: /admin/messaging/user/
2025-07-24 00:58:41.453223 - User: austi - Path: /admin/jsi18n/
2025-07-24 01:00:29.330484 - User: austi - Path: /admin/conversations
2025-07-24 01:00:56.736051 - User: austi - Path: /api/conversations/
2025-07-24 01:01:41.310436 - User: austi - Path: /api/conversations/
2025-07-24 01:05:05.016383 - User: austi - Path: /api/conversations/
2025-07-24 01:05:09.980843 - User: austi - Path: /api/conversations/
2025-07-24 01:05:16.596812 - User: austi - Path: /api/conversations/
2025-07-24 01:08:59.581608 - User: austi - Path: /api/conversations/
2025-07-24 01:10:11.355374 - User: austi - Path: /api-auth/logout/
2025-07-24 01:10:11.490161 - User: Anonymous - Path: /api/conversations/
2025-07-24 01:10:13.893024 - User: Anonymous - Path: /api-auth/login/
2025-07-24 01:10:18.445294 - User: Anonymous - Path: /api-auth/login/
2025-07-24 01:10:20.200519 - User: test1 - Path: /api/conversations/
2025-07-24 01:10:26.177432 - User: test1 - Path: /api-auth/login/
2025-07-24 01:10:32.073222 - User: test1 - Path: /api/conversations/
2025-07-24 01:11:55.245671 - User: test1 - Path: /api/conversations/
2025-07-24 01:11:57.261381 - User: test1 - Path: /api/conversations/
2025-07-24 01:11:58.254209 - User: test1 - Path: /api/conversations/
2025-07-24 01:11:58.471114 - User: test1 - Path: /api/conversations/
2025-07-24 01:13:31.307439 - User: test1 - Path: /api/conversations/
2025-07-24 01:13:32.599456 - User: test1 - Path: /api/conversations/
2025-07-24 01:13:32.798333 - User: test1 - Path: /api/conversations/
2025-07-24 01:13:33.017198 - User: test1 - Path: /api/conversations/
2025-07-24 01:13:33.241959 - User: test1 - Path: /api/conversations/
2025-07-24 01:13:33.598262 - User: test1 - Path: /api/conversations/
2025-07-24 01:15:24.685690 - User: test1 - Path: /api/conversations/
2025-07-24 01:20:02.348085 - User: test1 - Path: /api/conversations/
2025-07-24 01:20:08.396622 - User: test1 - Path: /admin/
2025-07-24 01:20:20.380119 - User: test1 - Path: /admin/login/
2025-07-24 01:20:28.424798 - User: test1 - Path: /admin/login/
2025-07-24 01:20:29.830331 - User: test1 - Path: /admin/login/
2025-07-24 01:20:30.050027 - User: test1 - Path: /admin/login/
2025-07-24 01:20:39.318895 - User: test1 - Path: /api/messages/
2025-07-24 01:20:40.962658 - User: test1 - Path: /api-auth/login/
2025-07-24 01:21:10.660256 - User: test1 - Path: /api-auth/login/
2025-07-24 01:21:11.596213 - User: test1 - Path: /api-auth/login/
2025-07-24 01:21:11.878037 - User: test1 - Path: /api-auth/login/
2025-07-24 01:21:25.614247 - User: test1 - Path: /admin/
2025-07-24 01:21:34.458701 - User: test1 - Path: /admin/login/
2025-07-24 01:22:15.596145 - User: test1 - Path: /api/messages/
2025-07-24 01:22:20.682957 - User: test1 - Path: /api/conversations/3fa87ac3-fb23-4e53-a959-0f3c0419dc9b/
2025-07-24 01:22:25.107498 - User: test1 - Path: /api/
2025-07-24 01:22:27.065097 - User: test1 - Path: /admin/
2025-07-24 01:22:28.191038 - User: test1 - Path: /admin/chats/user/
2025-07-24 01:22:29.336093 - User: test1 - Path: /admin/chats/user/
2025-07-24 01:22:30.006029 - User: test1 - Path: /admin/chats/user/
2025-07-24 01:22:30.205903 - User: test1 - Path: /admin/chats/user/
2025-07-24 01:22:34.935377 - User: test1 - Path: /admin/chats/user/
2025-07-24 01:22:38.863842 - User: test1 - Path: /admin/auth/group/
2025-07-24 01:22:40.377150 - User: test1 - Path: /admin/chats/
2025-07-24 02:03:09.431918 - User: test1 - Path: /admin/
2025-07-24 02:03:09.458903 - User: test1 - Path: /admin/login/
2025-07-24 02:03:13.283933 - User: test1 - Path: /admin/login/
2025-07-24 02:03:15.075148 - User: austi - Path: /admin/
2025-07-24 02:03:28.998784 - User: austi - Path: /admin/messaging/user/
2025-07-24 02:03:29.105712 - User: austi - Path: /admin/jsi18n/
2025-07-24 02:03:36.843772 - User: austi - Path: /admin/
2025-07-24 02:03:40.965484 - User: austi - Path: /admin/login/
2025-07-24 02:03:40.974540 - User: austi - Path: /admin/
2025-07-24 02:03:43.076332 - User: austi - Path: /admin/
2025-07-24 02:03:44.051661 - User: austi - Path: /admin/messaging/user/
2025-07-24 02:03:51.014542 - User: austi - Path: /admin/login/
2025-07-24 02:03:51.024534 - User: austi - Path: /admin/
2025-07-24 02:03:52.244255 - User: austi - Path: /admin/
2025-07-24 02:03:53.212959 - User: austi - Path: /admin/
2025-07-24 02:03:58.366538 - User: austi - Path: /api/conversations/
2025-07-24 02:04:02.153510 - User: austi - Path: /api-auth/login/
2025-07-24 02:04:08.880589 - User: austi - Path: /api-auth/login/
2025-07-24 02:04:10.674171 - User: test1 - Path: /api/conversations/
2025-07-24 02:06:01.584477 - User: test1 - Path: /api/conversations/
2025-07-24 02:06:03.771462 - User: test1 - Path: /api/conversations/
2025-07-24 02:06:05.798691 - User: test1 - Path: /api-auth/login/
2025-07-24 02:06:10.079100 - User: test1 - Path: /api-auth/login/
2025-07-24 02:06:11.757521 - User: test1 - Path: /api/conversations/
2025-07-24 02:10:56.324365 - User: test1 - Path: /api/conversations/
2025-07-24 02:12:43.762780 - User: test1 - Path: /api/conversations/
2025-07-24 02:13:16.166664 - User: test1 - Path: /api/conversations/
2025-07-24 02:13:55.276386 - User: test1 - Path: /api/conversations/
2025-07-24 02:18:00.598947 - User: test1 - Path: /api/conversations/
2025-07-24 02:18:03.194691 - User: test1 - Path: /api/conversations/
2025-07-24 02:18:04.232203 - User: test1 - Path: /api-auth/login/
2025-07-24 02:18:14.407852 - User: test1 - Path: /api-auth/login/
2025-07-24 02:18:16.048852 - User: test1 - Path: /api/conversations/
2025-07-24 02:18:37.733958 - User: test1 - Path: /api/conversations/
2025-07-24 02:19:24.332739 - User: test1 - Path: /api/messages/
2025-07-24 02:20:25.615366 - User: test1 - Path: /api/messages/
2025-07-24 02:20:26.916239 - User: test1 - Path: /api/messages/
2025-07-24 02:21:04.770159 - User: test1 - Path: /api/messages/
2025-07-24 02:21:06.010009 - User: test1 - Path: /api/messages/
2025-07-24 02:21:08.161720 - User: test1 - Path: /api-auth/login/
2025-07-24 02:21:12.345385 - User: test1 - Path: /api-auth/login/
2025-07-24 02:21:13.992110 - User: test1 - Path: /api/conversations/
2025-07-24 02:21:14.171995 - User: test1 - Path: /api-auth/login/
2025-07-24 02:21:19.655688 - User: test1 - Path: /api-auth/login/
2025-07-24 02:21:21.563179 - User: test1 - Path: /api-auth/login/
2025-07-24 02:21:26.175202 - User: test1 - Path: /api-auth/login/
2025-07-24 02:21:27.798180 - User: test1 - Path: /api/conversations/
2025-07-24 02:22:42.272673 - User: test1 - Path: /api/conversations/
2025-07-24 02:22:54.138744 - User: test1 - Path: /api/conversations/
2025-07-24 02:22:58.188710 - User: test1 - Path: /api/conversations/
2025-07-24 02:24:04.529354 - User: test1 - Path: /api/conversations/
2025-07-24 02:24:52.560707 - User: test1 - Path: /api/conversations/
2025-07-24 02:24:59.098502 - User: test1 - Path: /api-auth/login/
2025-07-24 02:25:03.310238 - User: test1 - Path: /api/conversations/
2025-07-24 02:25:25.381427 - User: test1 - Path: /api/conversations/
2025-07-24 02:38:35.298612 - User: test1 - Path: /admin/messaging/user/
2025-07-24 02:38:35.320601 - User: test1 - Path: /admin/login/
2025-07-24 02:38:43.264553 - User: test1 - Path: /admin/login/
2025-07-24 02:38:50.069492 - User: test1 - Path: /admin/login/
2025-07-24 02:38:54.150963 - User: test1 - Path: /admin/login/
2025-07-24 02:38:56.074025 - User: austi - Path: /admin/messaging/user/
2025-07-24 02:38:56.178955 - User: austi - Path: /admin/jsi18n/
2025-07-24 02:39:06.900344 - User: austi - Path: /admin/messaging/user/d783750d-5f82-4483-b525-d6b675e1da31/change/
2025-07-24 02:39:07.035262 - User: austi - Path: /admin/jsi18n/
2025-07-24 02:39:38.133606 - User: austi - Path: /admin/messaging/user/d783750d-5f82-4483-b525-d6b675e1da31/change/
2025-07-24 02:39:38.242537 - User: austi - Path: /admin/jsi18n/
2025-07-24 02:39:39.756216 - User: austi - Path: /admin/messaging/user/
2025-07-24 02:39:44.898009 - User: austi - Path: /admin/login/
2025-07-24 02:39:48.698739 - User: austi - Path: /admin/messaging/user/
2025-07-24 02:39:58.022275 - User: austi - Path: /api/conversations/
2025-07-24 02:40:00.451906 - User: austi - Path: /api/conversations/
2025-07-24 02:40:05.694250 - User: austi - Path: /api/messages/
2025-07-24 02:41:18.922553 - User: austi - Path: /api-auth/logout/
2025-07-24 02:41:19.051441 - User: Anonymous - Path: /api/messages/
2025-07-24 02:41:21.655180 - User: Anonymous - Path: /api-auth/login/
2025-07-24 02:41:24.513409 - User: Anonymous - Path: /api-auth/login/
2025-07-24 02:41:26.335123 - User: test1 - Path: /api/messages/
2025-07-24 02:44:17.325588 - User: test1 - Path: /api/messages/
2025-07-24 02:44:54.035618 - User: test1 - Path: /api/messages/
2025-07-24 02:45:23.097064 - User: test1 - Path: /api/messages/
2025-07-24 02:46:07.917914 - User: test1 - Path: /api/messages/
2025-07-24 02:46:25.570941 - User: test1 - Path: /api/messages/
2025-07-24 03:09:14.697732 - User: test1 - Path: /api/conversations/
2025-07-24 03:09:20.019106 - User: test1 - Path: /api/conversations/
2025-07-24 03:09:25.868843 - User: test1 - Path: /api-auth/logout/
2025-07-24 03:09:25.973537 - User: Anonymous - Path: /api/conversations/
2025-07-24 03:09:28.244952 - User: Anonymous - Path: /api-auth/login/
2025-07-24 03:09:36.509955 - User: Anonymous - Path: /api-auth/login/
2025-07-24 03:09:38.258866 - User: test2 - Path: /api/conversations/
2025-07-24 03:09:55.423877 - User: test2 - Path: /api/messages/
2025-07-24 03:09:57.308369 - User: test2 - Path: /api/messages/
2025-07-24 03:10:17.162194 - User: test2 - Path: /api/conversations/
2025-07-24 03:10:18.283232 - User: test2 - Path: /api/conversations/
2025-07-24 03:14:27.961058 - User: test2 - Path: /api/conversations/
2025-07-24 03:14:40.088933 - User: test2 - Path: /api/conversations/
2025-07-24 03:15:10.533425 - User: test2 - Path: /api/conversations/
2025-07-24 03:15:42.387328 - User: test2 - Path: /api-auth/logout/
2025-07-24 03:15:42.491924 - User: Anonymous - Path: /api/messages/
2025-07-24 03:16:39.089643 - User: Anonymous - Path: /api/messages/
2025-07-24 03:16:46.372817 - User: Anonymous - Path: /admin/
2025-07-24 03:16:46.386810 - User: Anonymous - Path: /admin/login/
2025-07-24 03:16:50.626747 - User: Anonymous - Path: /admin/login/
2025-07-24 03:16:52.418572 - User: austi - Path: /admin/
2025-07-24 03:16:56.606065 - User: austi - Path: /admin/messaging/user/
2025-07-24 03:16:56.717994 - User: austi - Path: /admin/jsi18n/
2025-07-24 03:17:53.621355 - User: austi - Path: /api/conversations/
2025-07-24 03:17:55.125290 - User: austi - Path: /api/conversations/
2025-07-24 03:17:57.756226 - User: austi - Path: /api-auth/logout/
2025-07-24 03:17:57.880033 - User: Anonymous - Path: /api/conversations/
2025-07-24 03:18:00.588197 - User: Anonymous - Path: /api-auth/login/
2025-07-24 03:18:08.600661 - User: Anonymous - Path: /api-auth/login/
2025-07-24 03:18:10.384312 - User: test - Path: /api/conversations/
2025-07-24 03:23:48.914563 - User: test - Path: /api/conversations/
2025-07-24 03:23:50.389658 - User: test - Path: /api/conversations/
2025-07-24 03:23:51.481969 - User: test - Path: /api/conversations/
2025-07-24 03:23:55.143430 - User: test - Path: /api-auth/logout/
2025-07-24 03:23:55.276324 - User: Anonymous - Path: /api/conversations/
2025-07-24 03:23:56.487126 - User: Anonymous - Path: /api-auth/login/
2025-07-24 03:24:01.079301 - User: Anonymous - Path: /api-auth/login/
2025-07-24 03:24:02.836546 - User: test - Path: /api/conversations/
2025-07-24 03:24:21.238393 - User: test - Path: /api/conversations/
2025-07-24 03:24:48.120135 - User: test - Path: /api/conversations/
2025-07-24 03:25:59.978501 - User: test - Path: /api/conversations/
2025-07-24 03:26:01.223561 - User: test - Path: /api/conversations/
2025-07-24 03:26:02.198716 - User: test - Path: /api/conversations/
2025-07-24 03:26:03.644647 - User: test - Path: /api/conversations/
2025-07-24 03:26:04.970491 - User: test - Path: /api/conversations/
2025-07-24 03:26:08.557403 - User: test - Path: /api-auth/logout/
2025-07-24 03:26:08.736994 - User: Anonymous - Path: /api/conversations/
2025-07-24 03:26:09.574830 - User: Anonymous - Path: /api-auth/login/
2025-07-24 03:26:12.765069 - User: Anonymous - Path: /api-auth/login/
2025-07-24 03:26:14.491585 - User: austi - Path: /api/conversations/
2025-07-24 03:26:17.947906 - User: austi - Path: /api/conversations/
2025-07-24 03:26:23.587468 - User: austi - Path: /api/messages/
2025-07-24 03:27:51.843748 - User: austi - Path: /api/messages/
2025-07-24 03:28:01.494011 - User: austi - Path: /api/messages/
2025-07-24 03:28:14.579809 - User: austi - Path: /api-auth/logout/
2025-07-24 03:28:14.681774 - User: Anonymous - Path: /api/messages/
2025-07-24 03:28:16.755099 - User: Anonymous - Path: /api-auth/login/
2025-07-24 03:28:19.584711 - User: Anonymous - Path: /api-auth/login/
2025-07-24 03:28:21.276764 - User: test - Path: /api/messages/
2025-07-24 03:28:23.403821 - User: test - Path: /api/messages/
2025-07-24 03:28:24.685439 - User: test - Path: /api/messages/
2025-07-24 03:29:12.411391 - User: test - Path: /api/messages/
2025-07-24 03:29:16.103361 - User: test - Path: /api/messages/
2025-07-24 03:38:25.283833 - User: test - Path: /api/messages/
2025-07-24 03:38:52.925433 - User: test - Path: /api-auth/logout/
2025-07-24 03:38:53.050001 - User: Anonymous - Path: /api/messages/
2025-07-24 03:38:54.020482 - User: Anonymous - Path: /api-auth/login/
2025-07-24 03:38:59.269504 - User: Anonymous - Path: /api-auth/login/
2025-07-24 03:39:01.086937 - User: austi - Path: /api/messages/
2025-07-24 03:39:04.839064 - User: austi - Path: /api/messages/
2025-07-24 03:39:11.600801 - User: austi - Path: /api/messages/
2025-07-24 03:39:12.572355 - User: austi - Path: /api/messages/
2025-07-24 03:39:13.388275 - User: austi - Path: /api/messages/
2025-07-24 03:39:25.146096 - User: austi - Path: /api-auth/logout/
2025-07-24 03:39:25.277570 - User: Anonymous - Path: /api/messages/
2025-07-24 03:39:27.697828 - User: Anonymous - Path: /api-auth/login/
2025-07-24 03:39:40.713507 - User: Anonymous - Path: /api-auth/login/
2025-07-24 03:39:42.432001 - User: test1 - Path: /api/messages/
2025-07-24 03:39:44.658938 - User: test1 - Path: /api/messages/
2025-07-24 03:39:45.573929 - User: test1 - Path: /api/messages/
2025-07-24 03:42:49.040759 - User: test1 - Path: /api-auth/logout/
2025-07-24 03:42:49.222364 - User: Anonymous - Path: /api/messages/
2025-07-24 03:42:50.482897 - User: Anonymous - Path: /api-auth/login/
2025-07-24 03:42:54.402480 - User: Anonymous - Path: /api-auth/login/
2025-07-24 03:42:56.139232 - User: test - Path: /api/messages/
2025-07-24 03:42:59.234958 - User: test - Path: /api/messages/
2025-07-24 03:43:00.780668 - User: test - Path: /api/messages/
2025-07-24 03:43:02.405236 - User: test - Path: /api/messages/
2025-07-24 03:43:03.320867 - User: test - Path: /api/messages/
2025-07-24 03:43:07.652194 - User: test - Path: /api/messages/
2025-07-24 03:43:08.614128 - User: test - Path: /api/messages/
2025-07-24 03:43:09.654556 - User: test - Path: /api/messages/
2025-07-24 03:50:12.236517 - User: test - Path: /api/conversations/
2025-07-24 03:50:15.915502 - User: test - Path: /api/conversations/
2025-07-24 03:50:19.900462 - User: test - Path: /api/conversations/
2025-07-24 03:50:21.803442 - User: test - Path: /api/conversations/
2025-07-24 03:50:29.386371 - User: test - Path: /api/messages/
2025-07-24 03:52:31.919307 - User: test - Path: /api-auth/logout/
2025-07-24 03:52:32.087818 - User: Anonymous - Path: /api/messages/
2025-07-24 03:52:33.687303 - User: Anonymous - Path: /api-auth/login/
2025-07-24 03:52:37.334449 - User: Anonymous - Path: /api-auth/login/
2025-07-24 03:52:39.088495 - User: austi - Path: /api/messages/
2025-07-24 03:52:42.938282 - User: austi - Path: /api/messages/
2025-07-24 03:52:44.252148 - User: austi - Path: /api/messages/
2025-07-24 03:52:45.725192 - User: austi - Path: /api/messages/
2025-07-24 03:54:01.901702 - User: austi - Path: /api/messages/f78dcf948e494b9b840ef2fbe9c5a0d0
2025-07-24 03:54:01.935710 - User: austi - Path: /api/messages/f78dcf948e494b9b840ef2fbe9c5a0d0/
2025-07-24 03:54:14.009795 - User: austi - Path: /api/message
2025-07-24 03:54:59.763034 - User: austi - Path: /api/messages/
2025-07-24 03:55:03.772280 - User: austi - Path: /api-auth/logout/
2025-07-24 03:55:03.942666 - User: Anonymous - Path: /api/messages/
2025-07-24 03:55:05.413001 - User: Anonymous - Path: /api-auth/login/
2025-07-24 03:55:14.459114 - User: Anonymous - Path: /api-auth/login/
2025-07-24 03:55:16.160214 - User: test1 - Path: /api/messages/
2025-07-24 03:55:18.227886 - User: test1 - Path: /api/messages/
2025-07-24 03:55:19.414210 - User: test1 - Path: /api/messages/
2025-07-24 03:55:22.219970 - User: test1 - Path: /api-auth/logout/
2025-07-24 03:55:22.357414 - User: Anonymous - Path: /api/messages/
2025-07-24 03:55:24.261816 - User: Anonymous - Path: /api-auth/login/
2025-07-24 03:55:30.142810 - User: Anonymous - Path: /api-auth/login/
2025-07-24 03:55:31.847322 - User: test2 - Path: /api/messages/
2025-07-24 03:55:39.202251 - User: test2 - Path: /api/messages/
2025-07-24 03:55:40.197516 - User: test2 - Path: /api/messages/
2025-07-24 03:57:06.878699 - User: test2 - Path: /api/conversations/1563d5c1be054d5aaeba77de8529c78b
2025-07-24 03:57:06.904849 - User: test2 - Path: /api/conversations/1563d5c1be054d5aaeba77de8529c78b/
2025-07-24 03:57:23.220525 - User: test2 - Path: /api-auth/logout/
2025-07-24 03:57:23.364788 - User: Anonymous - Path: /api/conversations/1563d5c1be054d5aaeba77de8529c78b/
2025-07-24 03:57:24.307294 - User: Anonymous - Path: /api-auth/login/
2025-07-24 03:57:27.600752 - User: Anonymous - Path: /api-auth/login/
2025-07-24 03:57:29.329781 - User: austi - Path: /api/conversations/1563d5c1be054d5aaeba77de8529c78b/
2025-07-24 03:57:35.269174 - User: austi - Path: /api/conversations/1563d5c1be054d5aaeba77de8529c78b/
2025-07-24 03:57:36.352780 - User: austi - Path: /api/conversations/1563d5c1be054d5aaeba77de8529c78b/
2025-07-24 03:57:41.745906 - User: austi - Path: /api/conversations/1563d5c1be054d5aaeba77de8529c78b/
2025-07-24 03:57:44.620532 - User: austi - Path: /api/conversations/1563d5c1be054d5aaeba77de8529c78b/
2025-07-24 03:58:59.694981 - User: austi - Path: /api/conversations/1563d5c1be054d5aaeba77de8529c78b/
2025-07-24 04:15:42.019309 - User: austi - Path: /api/conversations/1563d5c1be054d5aaeba77de8529c78b/
2025-07-24 04:16:01.705144 - User: austi - Path: /api/conversations/1563d5c1be054d5aaeba77de8529c78b/
2025-07-24 04:16:02.879300 - User: austi - Path: /api/conversations/1563d5c1be054d5aaeba77de8529c78b/
2025-07-24 04:16:05.666640 - User: austi - Path: /api-auth/logout/
2025-07-24 04:16:05.797114 - User: Anonymous - Path: /api/conversations/1563d5c1be054d5aaeba77de8529c78b/
2025-07-24 04:16:07.369099 - User: Anonymous - Path: /api-auth/login/
2025-07-24 04:16:14.057302 - User: Anonymous - Path: /api-auth/login/
2025-07-24 04:16:15.824987 - User: test - Path: /api/conversations/1563d5c1be054d5aaeba77de8529c78b/
2025-07-24 04:16:17.502006 - User: test - Path: /api/conversations/1563d5c1be054d5aaeba77de8529c78b/
2025-07-24 04:16:18.591999 - User: test - Path: /api/conversations/1563d5c1be054d5aaeba77de8529c78b/
2025-07-24 04:16:19.354949 - User: test - Path: /api/conversations/1563d5c1be054d5aaeba77de8529c78b/
2025-07-24 04:16:30.248829 - User: test - Path: /api/conversations/1563d5c1be054d5aaeba77de8529c78b/
2025-07-24 04:16:33.127874 - User: test - Path: /api/conversations/1563d5c1be054d5aaeba77de8529c78b/
2025-07-24 04:16:33.841744 - User: test - Path: /api/conversations/1563d5c1be054d5aaeba77de8529c78b/
2025-07-24 04:16:36.172765 - User: test - Path: /api-auth/logout/
2025-07-24 04:16:36.316644 - User: Anonymous - Path: /api/conversations/1563d5c1be054d5aaeba77de8529c78b/
2025-07-24 04:16:38.512829 - User: Anonymous - Path: /api-auth/login/
2025-07-24 04:16:41.947540 - User: Anonymous - Path: /api-auth/login/
2025-07-24 04:16:43.756255 - User: austi - Path: /api/conversations/1563d5c1be054d5aaeba77de8529c78b/
2025-07-24 04:16:45.227770 - User: austi - Path: /api/conversations/1563d5c1be054d5aaeba77de8529c78b/
2025-07-24 04:16:51.281085 - User: austi - Path: /api/conversations/
2025-07-24 04:17:03.005598 - User: austi - Path: /api-auth/logout/
2025-07-24 04:17:03.135767 - User: Anonymous - Path: /api/conversations/
2025-07-24 04:17:04.310607 - User: Anonymous - Path: /api-auth/login/
2025-07-24 04:17:07.336993 - User: Anonymous - Path: /api-auth/login/
2025-07-24 04:17:18.231491 - User: Anonymous - Path: /api-auth/login/
2025-07-24 04:17:20.015861 - User: Anonymous - Path: /api-auth/login/
2025-07-24 04:17:27.960903 - User: Anonymous - Path: /api-auth/login/
2025-07-24 04:18:55.407648 - User: Anonymous - Path: /api-auth/login/
2025-07-24 04:19:57.273485 - User: Anonymous - Path: /api-auth/login/
2025-07-24 04:19:59.028154 - User: austi - Path: /api/conversations/
2025-07-24 04:20:03.165053 - User: austi - Path: /api-auth/logout/
2025-07-24 04:20:03.297070 - User: Anonymous - Path: /api/conversations/
2025-07-24 04:20:05.251049 - User: Anonymous - Path: /api-auth/login/
2025-07-24 04:20:08.293575 - User: Anonymous - Path: /api-auth/login/
2025-07-24 04:20:10.028503 - User: test - Path: /api/conversations/
2025-07-24 04:20:21.406429 - User: test - Path: /api-auth/logout/
2025-07-24 04:20:21.539914 - User: Anonymous - Path: /api/conversations/
2025-07-24 04:20:23.738447 - User: Anonymous - Path: /api-auth/login/
2025-07-24 04:20:29.015944 - User: Anonymous - Path: /api-auth/login/
2025-07-24 04:20:30.776374 - User: test1 - Path: /api/conversations/
2025-07-24 04:20:48.612659 - User: test1 - Path: /api-auth/logout/
2025-07-24 04:20:48.762861 - User: Anonymous - Path: /api/conversations/
2025-07-24 04:20:49.792170 - User: Anonymous - Path: /api-auth/login/
2025-07-24 04:20:56.309296 - User: Anonymous - Path: /api-auth/login/
2025-07-24 04:20:58.102472 - User: test2 - Path: /api/conversations/
2025-07-25 08:17:16.621552 - User: test2 - Path: /favicon.ico
2025-07-25 08:17:18.513936 - User: test2 - Path: /api/conversations/
2025-07-25 08:17:24.306739 - User: test2 - Path: /api-auth/logout/
2025-07-25 08:17:24.611215 - User: Anonymous - Path: /api/conversations/
2025-07-25 08:17:25.754167 - User: Anonymous - Path: /api-auth/login/
2025-07-25 08:17:31.988166 - User: Anonymous - Path: /api-auth/login/
2025-07-25 08:17:33.919168 - User: test1 - Path: /api/conversations/
2025-07-25 08:17:41.701649 - User: test1 - Path: /api/messages/
2025-07-25 08:17:43.992532 - User: test1 - Path: /api/messages/
2025-07-25 08:17:50.449181 - User: test1 - Path: /api-auth/logout/
2025-07-25 08:17:50.616395 - User: Anonymous - Path: /api/messages/
2025-07-25 08:17:51.331460 - User: Anonymous - Path: /api-auth/login/
2025-07-25 08:17:55.484094 - User: Anonymous - Path: /api-auth/login/
2025-07-25 08:17:57.305774 - User: austi - Path: /api/messages/
2025-07-25 08:18:02.010383 - User: austi - Path: /api/messages/
2025-07-26 21:28:29.987217 - User: austi - Path: /api/
2025-07-26 21:28:34.731393 - User: austi - Path: /favicon.ico
2025-07-26 21:28:57.196628 - User: austi - Path: /api/
2025-07-26 21:28:58.248464 - User: austi - Path: /api/
2025-07-26 21:28:59.137733 - User: austi - Path: /api/
2025-07-26 21:29:13.132760 - User: austi - Path: /
2025-07-26 21:29:20.903966 - User: austi - Path: /api/conversations/
2025-07-26 21:29:25.525747 - User: austi - Path: /
2025-07-26 21:29:47.811595 - User: austi - Path: /api
2025-07-26 21:29:47.828839 - User: austi - Path: /api/
2025-07-26 21:29:51.067200 - User: austi - Path: /api/conversations/
2025-07-26 21:29:54.120412 - User: austi - Path: /api/conversations/
2025-07-26 21:29:56.605013 - User: austi - Path: /api/conversations/
2025-07-26 21:29:57.740611 - User: austi - Path: /api/conversations/
2025-07-26 21:29:58.880629 - User: austi - Path: /api/conversations/
2025-07-26 21:29:59.736689 - User: austi - Path: /api/conversations/
2025-07-26 21:29:59.957719 - User: austi - Path: /api/conversations/
2025-07-26 21:30:00.179774 - User: austi - Path: /api/conversations/
2025-07-26 21:30:02.100518 - User: austi - Path: /api/conversations/
2025-07-26 21:30:04.315275 - User: austi - Path: /api/conversations/
2025-07-26 21:30:10.412547 - User: austi - Path: /api/messages
2025-07-26 21:30:10.460513 - User: austi - Path: /api/messages/
2025-07-26 21:30:14.219627 - User: austi - Path: /api/message
2025-07-26 21:31:00.825906 - User: austi - Path: /api/delete-account
2025-07-26 21:31:49.962108 - User: austi - Path: /api/delete-account
2025-07-26 21:32:01.821067 - User: austi - Path: /api/delete-account
2025-07-26 21:32:56.524681 - User: austi - Path: /api/delete
2025-07-26 21:33:52.291408 - User: austi - Path: /api/delete
2025-07-26 21:33:54.633286 - User: austi - Path: /api/delete
2025-07-26 21:33:56.035345 - User: austi - Path: /api/delete
2025-07-26 21:33:56.253684 - User: austi - Path: /api/delete
2025-07-26 21:33:56.677742 - User: austi - Path: /api/delete
2025-07-26 21:34:01.718789 - User: austi - Path: /api/del
2025-07-26 21:34:09.176527 - User: austi - Path: /api/del
2025-07-26 21:34:09.425516 - User: austi - Path: /api/del
2025-07-26 21:34:10.255493 - User: austi - Path: /api/del
2025-07-26 21:34:10.483442 - User: austi - Path: /api/del
2025-07-26 21:34:15.097207 - User: austi - Path: /api//
2025-07-26 21:34:48.823864 - User: austi - Path: /api//
2025-07-26 21:34:59.718728 - User: austi - Path: /api/
2025-07-26 21:35:10.364865 - User: austi - Path: /api/delete
2025-07-26 21:36:00.390619 - User: austi - Path: /api/delete
2025-07-26 21:37:49.115842 - User: austi - Path: /api/delete/delete_account
2025-07-26 21:38:06.596496 - User: austi - Path: /api/delete/delete_account/
2025-07-26 21:38:22.550061 - User: austi - Path: /api/delete/delete_account/test2
2025-07-26 21:38:42.845005 - User: austi - Path: /api/delete/delete_account/
2025-07-26 21:39:13.099973 - User: austi - Path: /api/delete-user/delete_account/
2025-07-26 21:39:23.235181 - User: austi - Path: /api/delete-user/delete_account/
2025-07-26 21:39:27.655760 - User: austi - Path: /api/delete-user/delete_account/est2
2025-07-26 21:39:33.997940 - User: austi - Path: /api/delete-user/delete_account/
2025-07-26 21:41:10.945785 - User: austi - Path: /api-auth/logout/
2025-07-26 21:41:11.154890 - User: Anonymous - Path: /api/delete-user/delete_account/
2025-07-26 21:41:13.075675 - User: Anonymous - Path: /api-auth/login/
2025-07-26 21:41:16.886153 - User: Anonymous - Path: /api-auth/login/
2025-07-26 21:41:18.939637 - User: test2 - Path: /api/delete-user/delete_account/
2025-07-26 21:41:22.498317 - User: test2 - Path: /api/delete-user/delete_account/
2025-07-26 21:41:28.597706 - User: test2 - Path: /api/delete-user/delete_account/
2025-07-26 21:41:31.132917 - User: test2 - Path: /api/delete-user/delete_account/
2025-07-26 21:41:34.243000 - User: Anonymous - Path: /api/delete-user/delete_account/
2025-07-26 21:41:35.955498 - User: Anonymous - Path: /api/delete-user/delete_account/
2025-07-26 21:41:36.559015 - User: Anonymous - Path: /api/delete-user/delete_account/
2025-07-26 21:41:38.419976 - User: Anonymous - Path: /api-auth/login/
2025-07-26 21:42:10.890663 - User: Anonymous - Path: /api-auth/login/
2025-07-26 21:42:23.071477 - User: Anonymous - Path: /api-auth/login/
2025-07-26 21:42:25.119832 - User: test1 - Path: /api/delete-user/delete_account/
2025-07-26 21:42:33.890747 - User: test1 - Path: /api/delete-user/delete_account/
2025-07-26 21:48:44.367148 - User: test1 - Path: /api/delete-user/delete_account/
2025-07-26 21:48:54.623302 - User: test1 - Path: /api/delete_account/
2025-07-26 21:50:08.214401 - User: test1 - Path: /api/user/delete_account/
2025-07-26 21:50:36.078110 - User: test1 - Path: /api/user/
2025-07-26 21:50:42.020678 - User: test1 - Path: /api/
2025-07-26 21:50:46.776756 - User: test1 - Path: /api/
2025-07-26 21:50:47.646258 - User: test1 - Path: /api/
2025-07-26 21:50:50.412123 - User: test1 - Path: /api/
2025-07-26 21:50:53.974528 - User: test1 - Path: /api/conversations/
2025-07-26 21:51:16.111125 - User: test1 - Path: /api/conversations/test1
2025-07-26 21:51:16.130964 - User: test1 - Path: /api/conversations/test1/
2025-07-26 21:51:35.198558 - User: test1 - Path: /api/messages
2025-07-26 21:51:35.217555 - User: test1 - Path: /api/messages/
2025-07-26 21:55:05.760674 - User: test1 - Path: /api-auth/logout/
2025-07-26 21:55:05.888130 - User: Anonymous - Path: /api/messages/
2025-07-26 21:55:11.891264 - User: Anonymous - Path: /api/messages/
2025-07-26 21:55:13.849604 - User: Anonymous - Path: /api/messages/
2025-07-26 21:55:18.500444 - User: Anonymous - Path: /api/messages/
2025-07-26 21:55:21.293878 - User: Anonymous - Path: /api-auth/login/
2025-07-26 21:55:24.984870 - User: Anonymous - Path: /api-auth/login/
2025-07-26 21:55:27.110627 - User: austi - Path: /api/messages/
2025-07-26 21:55:33.420963 - User: austi - Path: /api/messages/
2025-07-26 21:55:43.004475 - User: austi - Path: /api-auth/logout/
2025-07-26 21:55:43.095385 - User: Anonymous - Path: /api/messages/
2025-07-26 21:55:43.963019 - User: Anonymous - Path: /api-auth/login/
2025-07-26 21:55:46.746434 - User: Anonymous - Path: /api-auth/login/
2025-07-26 21:55:48.789049 - User: test - Path: /api/messages/
2025-07-26 21:57:25.510352 - User: test - Path: /api/messages/
2025-07-26 21:57:27.417256 - User: test - Path: /api/messages/
2025-07-26 21:57:35.891978 - User: test - Path: /api/messages/
2025-07-26 21:57:49.067694 - User: test - Path: /api/messages/10640eed-0f59-41c3-81bd-09a9367e2a70
2025-07-26 21:57:49.085683 - User: test - Path: /api/messages/10640eed-0f59-41c3-81bd-09a9367e2a70/
2025-07-26 21:57:51.969789 - User: test - Path: /api/messages/10640eed-0f59-41c3-81bd-09a9367e2a70/
2025-07-26 21:57:54.948964 - User: test - Path: /api/messages/10640eed-0f59-41c3-81bd-09a9367e2a70/
2025-07-26 22:15:57.223722 - User: test - Path: /api/messages/10640eed-0f59-41c3-81bd-09a9367e2a70/
2025-07-26 22:15:58.447605 - User: test - Path: /api/messages/10640eed-0f59-41c3-81bd-09a9367e2a70/
2025-07-26 22:15:59.138608 - User: test - Path: /api/messages/10640eed-0f59-41c3-81bd-09a9367e2a70/
2025-07-26 22:15:59.414989 - User: test - Path: /api/messages/10640eed-0f59-41c3-81bd-09a9367e2a70/
2025-07-26 22:15:59.654687 - User: test - Path: /api/messages/10640eed-0f59-41c3-81bd-09a9367e2a70/
2025-07-26 22:16:02.153672 - User: test - Path: /api/messages/10640eed-0f59-41c3-81bd-09a9367e2a70/
2025-07-26 22:16:03.133882 - User: test - Path: /api/messages/10640eed-0f59-41c3-81bd-09a9367e2a70/
2025-07-26 22:16:03.343339 - User: test - Path: /api/messages/10640eed-0f59-41c3-81bd-09a9367e2a70/
2025-07-26 22:16:03.523566 - User: test - Path: /api/messages/10640eed-0f59-41c3-81bd-09a9367e2a70/
2025-07-26 22:16:03.715111 - User: test - Path: /api/messages/10640eed-0f59-41c3-81bd-09a9367e2a70/
2025-07-26 22:16:05.254913 - User: test - Path: /api/messages/10640eed-0f59-41c3-81bd-09a9367e2a70/
2025-07-26 22:16:46.397185 - User: test - Path: /api/messages/10640eed-0f59-41c3-81bd-09a9367e2a70/
2025-07-26 22:39:46.115503 - User: test - Path: /api/messages/10640eed-0f59-41c3-81bd-09a9367e2a70/
2025-07-26 22:50:45.493664 - User: test - Path: /api/messages/10640eed-0f59-41c3-81bd-09a9367e2a70/
2025-07-26 22:51:03.248634 - User: test - Path: /api/messages/10640eed-0f59-41c3-81bd-09a9367e2a70/
2025-07-26 22:51:07.906185 - User: test - Path: /api/messages/10640eed-0f59-41c3-81bd-09a9367e2a70/
2025-07-26 22:51:09.231104 - User: test - Path: /api/messages/10640eed-0f59-41c3-81bd-09a9367e2a70/
2025-07-26 22:51:28.922937 - User: test - Path: /api/messages/10640eed-0f59-41c3-81bd-09a9367e2a70/
2025-07-26 22:51:36.932189 - User: test - Path: /api/messages/
2025-07-26 22:51:44.350200 - User: test - Path: /api/messages/10640eed-0f59-41c3-81bd-09a9367e2a70/
2025-07-26 22:51:50.649146 - User: test - Path: /api/messages/10640eed-0f59-41c3-81bd-09a9367e2a70/
2025-07-26 22:52:17.639516 - User: test - Path: /api-auth/logout/
2025-07-26 22:52:17.797888 - User: Anonymous - Path: /api/messages/10640eed-0f59-41c3-81bd-09a9367e2a70/
2025-07-26 22:52:24.364774 - User: Anonymous - Path: /api-auth/login/
2025-07-26 22:52:27.986973 - User: Anonymous - Path: /api-auth/login/
2025-07-26 22:52:29.897865 - User: austi - Path: /api/messages/10640eed-0f59-41c3-81bd-09a9367e2a70/
2025-07-26 22:52:40.641937 - User: austi - Path: /api/messages/
2025-07-26 22:52:43.019357 - User: austi - Path: /api/messages/
2025-07-26 22:54:17.991970 - User: austi - Path: /api/messages/
2025-07-26 22:54:18.844500 - User: austi - Path: /api/messages/
2025-07-26 22:54:19.084915 - User: austi - Path: /api/messages/
2025-07-26 22:54:19.293783 - User: austi - Path: /api/messages/
2025-07-26 22:54:19.475993 - User: austi - Path: /api/messages/
2025-07-26 22:54:19.648450 - User: austi - Path: /api/messages/
2025-07-26 22:54:19.821034 - User: austi - Path: /api/messages/
2025-07-26 22:54:20.021046 - User: austi - Path: /api/messages/
2025-07-26 22:54:27.927985 - User: austi - Path: /api/messages/
2025-07-26 22:54:29.523660 - User: austi - Path: /api/messages/
2025-07-26 22:54:45.288596 - User: austi - Path: /api-auth/logout/
2025-07-26 22:54:45.445936 - User: Anonymous - Path: /api/messages/
2025-07-26 22:54:46.234682 - User: Anonymous - Path: /api-auth/login/
2025-07-26 22:54:51.065631 - User: Anonymous - Path: /api-auth/login/
2025-07-26 22:54:52.927189 - User: test - Path: /api/messages/
2025-07-26 22:55:28.054748 - User: test - Path: /api/messages/
2025-07-26 22:57:45.756984 - User: test - Path: /api/messages/
2025-07-26 22:57:52.933557 - User: test - Path: /api/messages/
2025-07-26 22:58:01.508136 - User: test - Path: /api/messages/
